<meta charset="UTF-8">
<body style="font-family: 'Menlo',serif; font-size: 70px;">
<p>
        O&nbsp;
        X&nbsp;
        O&nbsp;
        
    </p><p>
        X&nbsp;
        X&nbsp;
        O&nbsp;
        
    </p><p>
        X&nbsp;
        O&nbsp;
        X&nbsp;
        
    </p>
It's a draw!
    <br/>
    <a href="/">Start new game</a>?</body>