<meta charset="UTF-8">
<link rel="stylesheet" href="/static/styles.css">
<script src="/static/game.js"></script>
<body>
<div class="game">
<p class="row">
        O&nbsp;
        X&nbsp;
        O&nbsp;
        
    </p><p class="row">
        X&nbsp;
        X&nbsp;
        O&nbsp;
        
    </p><p class="row">
        X&nbsp;
        O&nbsp;
        X&nbsp;
        
    </p>
It's a draw!
    <br/>
    <a href="/?gameId=some-game-id">Start new game</a>?</div>
<script>
    onPageLoad('some-game-id');
</script>
</body>