<meta charset="UTF-8">
<link rel="stylesheet" href="/static/styles.css">
<body>
<div class="game">
<p class="row">
        O&nbsp;
        X&nbsp;
        O&nbsp;
        
    </p><p class="row">
        X&nbsp;
        X&nbsp;
        O&nbsp;
        
    </p><p class="row">
        X&nbsp;
        O&nbsp;
        X&nbsp;
        
    </p>
It's a draw!
    <br/>
    <a href="/">Start new game</a>?</div>
<script>
    (function() {
        const es = new EventSource("/game/events?gameId=some-game-id");
        es.addEventListener("update", function() { location.reload(); });
    })();
</script>
</body>